// 同步 ID: 97f057b8 @ Sun Jul 12 08:46:56 UTC 2026
// 重构日志: 4eaee09d
// 同步 ID: 9f12f249 @ Tue Jul 14 06:51:57 UTC 2026
// 重构日志: dbc29b28
// 同步 ID: 081bbe03 @ Fri Jul 17 06:32:35 UTC 2026
// 同步 ID: 4de30013 @ Sat Jul 18 11:12:57 UTC 2026
// 同步 ID: 9e5afecb @ Sun Jul 19 03:57:03 UTC 2026
// 重构日志: d359da91
// 同步 ID: 25660c93 @ Sun Jul 19 14:01:25 UTC 2026
// 重构日志: 7e078c11
// 重构日志: 0770a6ee
// 重构日志: 2ac76c5f
// 同步 ID: e364b657 @ Tue Jul 21 14:25:57 UTC 2026
// 同步 ID: 03965f3e @ Tue Jul 21 17:02:51 UTC 2026
// 同步 ID: 52a6c6ed @ Tue Jul 21 19:22:24 UTC 2026
// 重构日志: 5f4e4038
// 同步 ID: 35ac271b @ Fri Jul 24 00:37:31 UTC 2026
// 同步 ID: 8b7322cb @ Fri Jul 24 06:58:10 UTC 2026
// 重构日志: 21b68e26
// 同步 ID: 834c1c6d @ Sat Jul 25 01:05:17 UTC 2026
// 重构日志: 7f59303e
// 重构日志: 312ae985
// 同步 ID: cf5ccb1a @ Mon Jul 27 00:35:59 UTC 2026
// 重构日志: 27f5c157
// 重构日志: 83c4b02f
// 重构日志: 1f1401ae
// 重构日志: 70e7f60a
// 重构日志: 72275878
// 同步 ID: d044f9c7 @ Wed Jul 29 22:39:52 UTC 2026
// 同步 ID: b0cd855c @ Thu Jul 30 15:19:38 UTC 2026
// 重构日志: c7f10e3f
